// Jest Snapshot v1, https://goo.gl/fbAQLP

exports[`Navigation Bar Component react component matches snapshot 1`] = `
<div>
  <nav
    class="bg-gray-100 flex justify-between items-center p-4 border-b border-gray-200 shadow-sm"
  >
    <div
      class="flex space-x-4 underline"
    >
      <a
        class="flex space-x-1"
        href="http://www.google.com"
      >
        <div
          class="flex items-center space-x-2"
        >
          <svg
            class="tabler-icon tabler-icon-usb h-5 w-5"
            fill="none"
            height="24"
            stroke="currentColor"
            stroke-linecap="round"
            stroke-linejoin="round"
            stroke-width="2"
            viewBox="0 0 24 24"
            width="24"
            xmlns="http://www.w3.org/2000/svg"
          >
            <path
              d="M12 19m-2 0a2 2 0 1 0 4 0a2 2 0 1 0 -4 0"
            />
            <path
              d="M12 17v-11.5"
            />
            <path
              d="M7 10v3l5 3"
            />
            <path
              d="M12 14.5l5 -2v-2.5"
            />
            <path
              d="M16 10h2v-2h-2z"
            />
            <path
              d="M7 9m-1 0a1 1 0 1 0 2 0a1 1 0 1 0 -2 0"
            />
            <path
              d="M10 5.5h4l-2 -2.5z"
            />
          </svg>
           
          <span>
            example-link
          </span>
           
        </div>
      </a>
    </div>
    <div
      class="flex"
    />
  </nav>
</div>
`;
