// Jest Snapshot v1, https://goo.gl/fbAQLP

exports[`ListingSkeleton Component matches snapshot 1`] = `
<div>
  <div
    class="space-y-4"
  >
    <div
      class="flex items-center p-4 bg-white shadow rounded-lg listitem"
      data-testid="listitem"
    >
      <div
        class="h-12 w-12 bg-gray-200 rounded-full animate-pulse mr-4 avatar"
      />
      <div
        class="flex-1 space-y-2"
      >
        <div
          class="h-4 bg-gray-200 rounded w-3/4 animate-pulse line"
        />
        <div
          class="h-4 bg-gray-200 rounded w-5/6 animate-pulse line"
        />
      </div>
    </div>
    <div
      class="flex items-center p-4 bg-white shadow rounded-lg listitem"
      data-testid="listitem"
    >
      <div
        class="h-12 w-12 bg-gray-200 rounded-full animate-pulse mr-4 avatar"
      />
      <div
        class="flex-1 space-y-2"
      >
        <div
          class="h-4 bg-gray-200 rounded w-3/4 animate-pulse line"
        />
        <div
          class="h-4 bg-gray-200 rounded w-5/6 animate-pulse line"
        />
      </div>
    </div>
    <div
      class="flex items-center p-4 bg-white shadow rounded-lg listitem"
      data-testid="listitem"
    >
      <div
        class="h-12 w-12 bg-gray-200 rounded-full animate-pulse mr-4 avatar"
      />
      <div
        class="flex-1 space-y-2"
      >
        <div
          class="h-4 bg-gray-200 rounded w-3/4 animate-pulse line"
        />
        <div
          class="h-4 bg-gray-200 rounded w-5/6 animate-pulse line"
        />
      </div>
    </div>
    <div
      class="flex items-center p-4 bg-white shadow rounded-lg listitem"
      data-testid="listitem"
    >
      <div
        class="h-12 w-12 bg-gray-200 rounded-full animate-pulse mr-4 avatar"
      />
      <div
        class="flex-1 space-y-2"
      >
        <div
          class="h-4 bg-gray-200 rounded w-3/4 animate-pulse line"
        />
        <div
          class="h-4 bg-gray-200 rounded w-5/6 animate-pulse line"
        />
      </div>
    </div>
    <div
      class="flex items-center p-4 bg-white shadow rounded-lg listitem"
      data-testid="listitem"
    >
      <div
        class="h-12 w-12 bg-gray-200 rounded-full animate-pulse mr-4 avatar"
      />
      <div
        class="flex-1 space-y-2"
      >
        <div
          class="h-4 bg-gray-200 rounded w-3/4 animate-pulse line"
        />
        <div
          class="h-4 bg-gray-200 rounded w-5/6 animate-pulse line"
        />
      </div>
    </div>
  </div>
</div>
`;
